
> my-app@0.0.0 build
> tsc -b && vite build

[36mvite v7.3.0 [32mbuilding client environment for production...[36m[39m
transforming...
[32mΓ£ô[39m 2461 modules transformed.
rendering chunks...
computing gzip size...
[2mdist/[22m[32mindex.html                 [39m[1m[2m  0.40 kB[22m[1m[22m[2m Γöé gzip:   0.27 kB[22m
[2mdist/[22m[35massets/index-ggO_pYAV.css  [39m[1m[2m106.47 kB[22m[1m[22m[2m Γöé gzip:  17.49 kB[22m
[2mdist/[22m[36massets/index-DzvJ1mLd.js   [39m[1m[33m687.15 kB[39m[22m[2m Γöé gzip: 188.48 kB[22m
node.exe : [33m
At line:1 char:1
+ & "C:\Program Files\nodejs/node.exe" "C:\Program Files\nodejs/node_mo ...
+ ~~~~~~~~~~~~~~~~~~~~~~~~~~~~~~~~~~~~~~~~~~~~~~~~~~~~~~~~~~~~~~~~~~~~~
    + CategoryInfo          : NotSpecified: ([33m:String) [], RemoteException
    + FullyQualifiedErrorId : NativeCommandError
 
(!) Some chunks are larger than 500 kB after minification. Consider:
- Using dynamic import() to code-split the application
- Use build.rollupOptions.output.manualChunks to improve chunking: 
https://rollupjs.org/configuration-options/#output-manualchunks
- Adjust chunk size limit for this warning via 
build.chunkSizeWarningLimit.[39m
[32mΓ£ô built in 13.43s[39m
Exit code: 0
